Archive member included to satisfy reference by file (symbol)

c:/toolschain/arm_cc/bin/../lib/gcc/arm-none-eabi/10.3.1/../../../../arm-none-eabi/lib/thumb/v7-m/nofp\libc_nano.a(lib_a-errno.o)
                              build/syscalls.o (__errno)
c:/toolschain/arm_cc/bin/../lib/gcc/arm-none-eabi/10.3.1/../../../../arm-none-eabi/lib/thumb/v7-m/nofp\libc_nano.a(lib_a-exit.o)
                              c:/toolschain/arm_cc/bin/../lib/gcc/arm-none-eabi/10.3.1/../../../../arm-none-eabi/lib/thumb/v7-m/nofp/crt0.o (exit)
c:/toolschain/arm_cc/bin/../lib/gcc/arm-none-eabi/10.3.1/../../../../arm-none-eabi/lib/thumb/v7-m/nofp\libc_nano.a(lib_a-impure.o)
                              c:/toolschain/arm_cc/bin/../lib/gcc/arm-none-eabi/10.3.1/../../../../arm-none-eabi/lib/thumb/v7-m/nofp\libc_nano.a(lib_a-exit.o) (_global_impure_ptr)
c:/toolschain/arm_cc/bin/../lib/gcc/arm-none-eabi/10.3.1/../../../../arm-none-eabi/lib/thumb/v7-m/nofp\libc_nano.a(lib_a-init.o)
                              c:/toolschain/arm_cc/bin/../lib/gcc/arm-none-eabi/10.3.1/../../../../arm-none-eabi/lib/thumb/v7-m/nofp/crt0.o (__libc_init_array)
c:/toolschain/arm_cc/bin/../lib/gcc/arm-none-eabi/10.3.1/../../../../arm-none-eabi/lib/thumb/v7-m/nofp\libc_nano.a(lib_a-memcpy-stub.o)
                              build/queue.o (memcpy)
c:/toolschain/arm_cc/bin/../lib/gcc/arm-none-eabi/10.3.1/../../../../arm-none-eabi/lib/thumb/v7-m/nofp\libc_nano.a(lib_a-memset.o)
                              c:/toolschain/arm_cc/bin/../lib/gcc/arm-none-eabi/10.3.1/../../../../arm-none-eabi/lib/thumb/v7-m/nofp/crt0.o (memset)
c:/toolschain/arm_cc/bin/../lib/gcc/arm-none-eabi/10.3.1/../../../../arm-none-eabi/lib/thumb/v7-m/nofp\libnosys.a(_exit.o)
                              c:/toolschain/arm_cc/bin/../lib/gcc/arm-none-eabi/10.3.1/../../../../arm-none-eabi/lib/thumb/v7-m/nofp\libc_nano.a(lib_a-exit.o) (_exit)

Discarded input sections

 .text          0x00000000        0x0 c:/toolschain/arm_cc/bin/../lib/gcc/arm-none-eabi/10.3.1/thumb/v7-m/nofp/crti.o
 .data          0x00000000        0x0 c:/toolschain/arm_cc/bin/../lib/gcc/arm-none-eabi/10.3.1/thumb/v7-m/nofp/crti.o
 .bss           0x00000000        0x0 c:/toolschain/arm_cc/bin/../lib/gcc/arm-none-eabi/10.3.1/thumb/v7-m/nofp/crti.o
 .data          0x00000000        0x4 c:/toolschain/arm_cc/bin/../lib/gcc/arm-none-eabi/10.3.1/thumb/v7-m/nofp/crtbegin.o
 .rodata        0x00000000       0x24 c:/toolschain/arm_cc/bin/../lib/gcc/arm-none-eabi/10.3.1/thumb/v7-m/nofp/crtbegin.o
 .text          0x00000000       0x7c c:/toolschain/arm_cc/bin/../lib/gcc/arm-none-eabi/10.3.1/../../../../arm-none-eabi/lib/thumb/v7-m/nofp/crt0.o
 .data          0x00000000        0x0 c:/toolschain/arm_cc/bin/../lib/gcc/arm-none-eabi/10.3.1/../../../../arm-none-eabi/lib/thumb/v7-m/nofp/crt0.o
 .bss           0x00000000        0x0 c:/toolschain/arm_cc/bin/../lib/gcc/arm-none-eabi/10.3.1/../../../../arm-none-eabi/lib/thumb/v7-m/nofp/crt0.o
 .ARM.extab     0x00000000        0x0 c:/toolschain/arm_cc/bin/../lib/gcc/arm-none-eabi/10.3.1/../../../../arm-none-eabi/lib/thumb/v7-m/nofp/crt0.o
 .ARM.exidx     0x00000000       0x10 c:/toolschain/arm_cc/bin/../lib/gcc/arm-none-eabi/10.3.1/../../../../arm-none-eabi/lib/thumb/v7-m/nofp/crt0.o
 .ARM.attributes
                0x00000000       0x1b c:/toolschain/arm_cc/bin/../lib/gcc/arm-none-eabi/10.3.1/../../../../arm-none-eabi/lib/thumb/v7-m/nofp/crt0.o
 .text          0x00000000        0x0 build/main.o
 .data          0x00000000        0x0 build/main.o
 .bss           0x00000000        0x0 build/main.o
 .text          0x00000000        0x0 build/freertos_hooks.o
 .data          0x00000000        0x0 build/freertos_hooks.o
 .bss           0x00000000        0x0 build/freertos_hooks.o
 .text          0x00000000        0x0 build/syscalls.o
 .data          0x00000000        0x0 build/syscalls.o
 .bss           0x00000000        0x0 build/syscalls.o
 .text._write   0x00000000       0x5c build/syscalls.o
 .text._sbrk    0x00000000       0x40 build/syscalls.o
 .text._close   0x00000000        0x6 build/syscalls.o
 .text._fstat   0x00000000        0xa build/syscalls.o
 .text._isatty  0x00000000        0x4 build/syscalls.o
 .text._lseek   0x00000000        0x4 build/syscalls.o
 .text._read    0x00000000       0x10 build/syscalls.o
 .text._open    0x00000000        0x6 build/syscalls.o
 .text._kill    0x00000000       0x10 build/syscalls.o
 .text._getpid  0x00000000        0x4 build/syscalls.o
 .bss.heap_end  0x00000000        0x4 build/syscalls.o
 .debug_info    0x00000000      0x79f build/syscalls.o
 .debug_abbrev  0x00000000      0x230 build/syscalls.o
 .debug_loc     0x00000000      0x310 build/syscalls.o
 .debug_aranges
                0x00000000       0x68 build/syscalls.o
 .debug_ranges  0x00000000       0x58 build/syscalls.o
 .debug_line    0x00000000      0x367 build/syscalls.o
 .debug_str     0x00000000      0x3e9 build/syscalls.o
 .comment       0x00000000       0x4a build/syscalls.o
[...]
Memory Configuration

Name             Origin             Length             Attributes
RAM              0x20000000         0x00005000         xrw
FLASH            0x08000000         0x00010000         xr
*default*        0x00000000         0xffffffff

Linker script and memory map

LOAD c:/toolschain/arm_cc/bin/../lib/gcc/arm-none-eabi/10.3.1/thumb/v7-m/nofp/crti.o
LOAD c:/toolschain/arm_cc/bin/../lib/gcc/arm-none-eabi/10.3.1/thumb/v7-m/nofp/crtbegin.o
LOAD c:/toolschain/arm_cc/bin/../lib/gcc/arm-none-eabi/10.3.1/../../../../arm-none-eabi/lib/thumb/v7-m/nofp/crt0.o
LOAD build/main.o
LOAD build/freertos_hooks.o
LOAD build/syscalls.o
LOAD build/stm32f10x_it.o
LOAD build/dht11_app.o
LOAD build/timer_driver.o
LOAD build/dht11_sim.o
LOAD build/tasks.o
LOAD build/queue.o
LOAD build/list.o
LOAD build/timers.o
LOAD build/event_groups.o
LOAD build/port.o
LOAD build/heap_4.o
LOAD build/misc.o
LOAD build/stm32f10x_adc.o
LOAD build/stm32f10x_bkp.o
LOAD build/stm32f10x_can.o
LOAD build/stm32f10x_cec.o
LOAD build/stm32f10x_crc.o
LOAD build/stm32f10x_dac.o
LOAD build/stm32f10x_dbgmcu.o
LOAD build/stm32f10x_dma.o
LOAD build/stm32f10x_exti.o
LOAD build/stm32f10x_flash.o
LOAD build/stm32f10x_fsmc.o
LOAD build/stm32f10x_gpio.o
LOAD build/stm32f10x_i2c.o
LOAD build/stm32f10x_iwdg.o
LOAD build/stm32f10x_pwr.o
LOAD build/stm32f10x_rcc.o
LOAD build/stm32f10x_rtc.o
LOAD build/stm32f10x_sdio.o
LOAD build/stm32f10x_spi.o
LOAD build/stm32f10x_tim.o
LOAD build/stm32f10x_usart.o
LOAD build/stm32f10x_wwdg.o
LOAD build/system_stm32f10x.o
LOAD build/startup_stm32f103xb.o
LOAD c:/toolschain/arm_cc/bin/../lib/gcc/arm-none-eabi/10.3.1/../../../../arm-none-eabi/lib/thumb/v7-m/nofp\libc_nano.a
LOAD c:/toolschain/arm_cc/bin/../lib/gcc/arm-none-eabi/10.3.1/../../../../arm-none-eabi/lib/thumb/v7-m/nofp\libm.a
START GROUP
LOAD c:/toolschain/arm_cc/bin/../lib/gcc/arm-none-eabi/10.3.1/thumb/v7-m/nofp\libgcc.a
LOAD c:/toolschain/arm_cc/bin/../lib/gcc/arm-none-eabi/10.3.1/../../../../arm-none-eabi/lib/thumb/v7-m/nofp\libc_nano.a
END GROUP
START GROUP
LOAD c:/toolschain/arm_cc/bin/../lib/gcc/arm-none-eabi/10.3.1/thumb/v7-m/nofp\libgcc.a
LOAD c:/toolschain/arm_cc/bin/../lib/gcc/arm-none-eabi/10.3.1/../../../../arm-none-eabi/lib/thumb/v7-m/nofp\libc_nano.a
LOAD c:/toolschain/arm_cc/bin/../lib/gcc/arm-none-eabi/10.3.1/../../../../arm-none-eabi/lib/thumb/v7-m/nofp\libnosys.a
END GROUP
START GROUP
LOAD c:/toolschain/arm_cc/bin/../lib/gcc/arm-none-eabi/10.3.1/thumb/v7-m/nofp\libgcc.a
LOAD c:/toolschain/arm_cc/bin/../lib/gcc/arm-none-eabi/10.3.1/../../../../arm-none-eabi/lib/thumb/v7-m/nofp\libc_nano.a
LOAD c:/toolschain/arm_cc/bin/../lib/gcc/arm-none-eabi/10.3.1/../../../../arm-none-eabi/lib/thumb/v7-m/nofp\libnosys.a
END GROUP
LOAD c:/toolschain/arm_cc/bin/../lib/gcc/arm-none-eabi/10.3.1/thumb/v7-m/nofp/crtend.o
LOAD c:/toolschain/arm_cc/bin/../lib/gcc/arm-none-eabi/10.3.1/thumb/v7-m/nofp/crtn.o
                0x20005000                _estack = 0x20005000
                0x00000200                _Min_Heap_Size = 0x200
                0x00000400                _Min_Stack_Size = 0x400

.isr_vector     0x08000000      0x10c
                0x08000000                . = ALIGN (0x4)
 *(.isr_vector)
 .isr_vector    0x08000000      0x10c build/startup_stm32f103xb.o
                0x08000000                g_pfnVectors
                0x0800010c                . = ALIGN (0x4)

.text           0x08000110     0x2184
                0x08000110                . = ALIGN (0x4)
 *(.text)
 .text          0x08000110       0x40 c:/toolschain/arm_cc/bin/../lib/gcc/arm-none-eabi/10.3.1/thumb/v7-m/nofp/crtbegin.o
 *(.text*)
 .text.TIM1_CC_IRQHandler
                0x08000150        0x8 build/main.o
                0x08000150                TIM1_CC_IRQHandler
 .text.TIM2_IRQHandler
                0x08000158        0x8 build/main.o
                0x08000158                TIM2_IRQHandler
 .text.main     0x08000160       0x18 build/main.o
                0x08000160                main
 .text.vApplicationStackOverflowHook
                0x08000178       0x12 build/freertos_hooks.o
                0x08000178                vApplicationStackOverflowHook
 .text.vApplicationMallocFailedHook
                0x0800018a       0x12 build/freertos_hooks.o
                0x0800018a                vApplicationMallocFailedHook
 .text.NMI_Handler
                0x0800019c        0x2 build/stm32f10x_it.o
                0x0800019c                NMI_Handler
 .text.HardFault_Handler
                0x0800019e        0x2 build/stm32f10x_it.o
                0x0800019e                HardFault_Handler
 .text.MemManage_Handler
                0x080001a0        0x2 build/stm32f10x_it.o
                0x080001a0                MemManage_Handler
 .text.BusFault_Handler
                0x080001a2        0x2 build/stm32f10x_it.o
                0x080001a2                BusFault_Handler
 .text.UsageFault_Handler
                0x080001a4        0x2 build/stm32f10x_it.o
                0x080001a4                UsageFault_Handler
 .text.DebugMon_Handler
                0x080001a6        0x2 build/stm32f10x_it.o
                0x080001a6                DebugMon_Handler
 .text.dht11_app_config
                0x080001a8       0x2e build/dht11_app.o
                0x080001a8                dht11_app_config
 .text.dht11_app_run
                0x080001d6       0x10 build/dht11_app.o
                0x080001d6                dht11_app_run
 *fill*         0x080001e6        0x2 
 .text.prv_build_frame
                0x080001e8       0x18 build/dht11_sim.o
 .text.prv_pa0_ic_mode
                0x08000200       0x48 build/dht11_sim.o
 .text.prv_pa0_tx_mode
                0x08000248       0x38 build/dht11_sim.o
 .text.prv_tim1_oc_init
                0x08000280       0x9c build/dht11_sim.o
 .text.prv_tim2_ic_init
                0x0800031c       0xb4 build/dht11_sim.o
 .text.prv_dht11_task
                0x080003d0       0xa0 build/dht11_sim.o
 .text.dht11_tim1_cc_irq
                0x08000470      0x1fc build/dht11_sim.o
                0x08000470                dht11_tim1_cc_irq
 .text.dht11_tim2_ic_irq
                0x0800066c       0xc8 build/dht11_sim.o
                0x0800066c                dht11_tim2_ic_irq
 .text.dht11_sim_config
                0x08000734       0x80 build/dht11_sim.o
                0x08000734                dht11_sim_config
 .text.dht11_sim_run
                0x080007b4       0x60 build/dht11_sim.o
                0x080007b4                dht11_sim_run
 .text.prvResetNextTaskUnblockTime
                0x08000814       0x2c build/tasks.o
 .text.prvDeleteTCB
                0x08000840       0x12 build/tasks.o
 .text.prvInitialiseNewTask
                0x08000852       0x9c build/tasks.o
 *fill*         0x080008ee        0x2 
 .text.prvInitialiseTaskLists
                0x080008f0       0x68 build/tasks.o
 .text.prvAddNewTaskToReadyList
                0x08000958       0xac build/tasks.o
 .text.prvAddCurrentTaskToDelayedList
                0x08000a04       0x98 build/tasks.o
 .text.xTaskCreate
                0x08000a9c       0x64 build/tasks.o
                0x08000a9c                xTaskCreate
 .text.vTaskStartScheduler
                0x08000b00       0x6c build/tasks.o
                0x08000b00                vTaskStartScheduler
 .text.vTaskSuspendAll
                0x08000b6c       0x10 build/tasks.o
                0x08000b6c                vTaskSuspendAll
 .text.xTaskIncrementTick
                0x08000b7c      0x108 build/tasks.o
                0x08000b7c                xTaskIncrementTick
 .text.xTaskResumeAll
                0x08000c84       0xe8 build/tasks.o
                0x08000c84                xTaskResumeAll
 .text.prvCheckTasksWaitingTermination
                0x08000d6c       0x5c build/tasks.o
 .text.prvIdleTask
                0x08000dc8       0x28 build/tasks.o
 .text.vTaskSwitchContext
                0x08000df0       0xc0 build/tasks.o
                0x08000df0                vTaskSwitchContext
 .text.vTaskPlaceOnEventList
                0x08000eb0       0x24 build/tasks.o
                0x08000eb0                vTaskPlaceOnEventList
 .text.xTaskRemoveFromEventList
                0x08000ed4       0x7c build/tasks.o
                0x08000ed4                xTaskRemoveFromEventList
 .text.vTaskSetTimeOutState
                0x08000f50       0x1c build/tasks.o
                0x08000f50                vTaskSetTimeOutState
 .text.xTaskCheckForTimeOut
                0x08000f6c       0x64 build/tasks.o
                0x08000f6c                xTaskCheckForTimeOut
 .text.vTaskMissedYield
                0x08000fd0        0xc build/tasks.o
                0x08000fd0                vTaskMissedYield
 .text.vTaskPriorityInherit
                0x08000fdc       0xa0 build/tasks.o
                0x08000fdc                vTaskPriorityInherit
 .text.pvTaskIncrementMutexHeldCount
                0x0800107c       0x1c build/tasks.o
                0x0800107c                pvTaskIncrementMutexHeldCount
 .text.ulTaskNotifyTake
                0x08001098       0x78 build/tasks.o
                0x08001098                ulTaskNotifyTake
 .text.vTaskNotifyGiveFromISR
                0x08001110       0xb4 build/tasks.o
                0x08001110                vTaskNotifyGiveFromISR
 .text.prvIsQueueEmpty
                0x080011c4       0x1a build/queue.o
 .text.prvCopyDataFromQueue
                0x080011de       0x24 build/queue.o
 .text.prvUnlockQueue
                0x08001202       0x6e build/queue.o
 .text.xQueueGenericReset
                0x08001270       0x76 build/queue.o
                0x08001270                xQueueGenericReset
 .text.prvInitialiseNewQueue
                0x080012e6       0x22 build/queue.o
 .text.xQueueGenericCreate
                0x08001308       0x3a build/queue.o
                0x08001308                xQueueGenericCreate
 .text.xQueueGiveFromISR
                0x08001342       0x88 build/queue.o
                0x08001342                xQueueGiveFromISR
 .text.xQueueGenericReceive
                0x080013ca      0x17e build/queue.o
                0x080013ca                xQueueGenericReceive
 .text.vQueueDelete
                0x08001548        0xe build/queue.o
                0x08001548                vQueueDelete
 .text.vListInitialise
                0x08001556       0x16 build/list.o
                0x08001556                vListInitialise
 .text.vListInitialiseItem
                0x0800156c        0x6 build/list.o
                0x0800156c                vListInitialiseItem
 .text.vListInsertEnd
                0x08001572       0x16 build/list.o
                0x08001572                vListInsertEnd
 .text.vListInsert
                0x08001588       0x32 build/list.o
                0x08001588                vListInsert
 .text.uxListRemove
                0x080015ba       0x24 build/list.o
                0x080015ba                uxListRemove
 *fill*         0x080015de        0x2 
 .text.prvTaskExitError
                0x080015e0       0x24 build/port.o
 .text.prvPortStartFirstTask
                0x08001604       0x20 build/port.o
 .text.pxPortInitialiseStack
                0x08001624       0x24 build/port.o
                0x08001624                pxPortInitialiseStack
 *fill*         0x08001648        0x8 
 .text.SVC_Handler
                0x08001650       0x24 build/port.o
                0x08001650                SVC_Handler
 .text.vPortEnterCritical
                0x08001674       0x34 build/port.o
                0x08001674                vPortEnterCritical
 .text.vPortExitCritical
                0x080016a8       0x1c build/port.o
                0x080016a8                vPortExitCritical
 *fill*         0x080016c4        0xc 
 .text.PendSV_Handler
                0x080016d0       0x44 build/port.o
                0x080016d0                PendSV_Handler
 .text.SysTick_Handler
                0x08001714       0x2c build/port.o
                0x08001714                SysTick_Handler
 .text.vPortSetupTimerInterrupt
                0x08001740       0x14 build/port.o
                0x08001740                vPortSetupTimerInterrupt
 .text.xPortStartScheduler
                0x08001754       0xa0 build/port.o
                0x08001754                xPortStartScheduler
 .text.vPortValidateInterruptPriority
                0x080017f4       0x40 build/port.o
                0x080017f4                vPortValidateInterruptPriority
 .text.prvHeapInit
                0x08001834       0x64 build/heap_4.o
 .text.prvInsertBlockIntoFreeList
                0x08001898       0x60 build/heap_4.o
 .text.pvPortMalloc
                0x080018f8       0xe8 build/heap_4.o
                0x080018f8                pvPortMalloc
 .text.vPortFree
                0x080019e0       0x54 build/heap_4.o
                0x080019e0                vPortFree
 .text.NVIC_PriorityGroupConfig
                0x08001a34       0x14 build/misc.o
                0x08001a34                NVIC_PriorityGroupConfig
 .text.GPIO_Init
                0x08001a48       0xb2 build/stm32f10x_gpio.o
                0x08001a48                GPIO_Init
 .text.GPIO_SetBits
                0x08001afa        0x4 build/stm32f10x_gpio.o
                0x08001afa                GPIO_SetBits
 .text.GPIO_ResetBits
                0x08001afe        0x4 build/stm32f10x_gpio.o
                0x08001afe                GPIO_ResetBits
 *fill*         0x08001b02        0x2 
 .text.RCC_APB2PeriphClockCmd
                0x08001b04       0x1c build/stm32f10x_rcc.o
                0x08001b04                RCC_APB2PeriphClockCmd
 .text.RCC_APB1PeriphClockCmd
                0x08001b20       0x1c build/stm32f10x_rcc.o
                0x08001b20                RCC_APB1PeriphClockCmd
 .text.TI1_Config
                0x08001b3c       0x88 build/stm32f10x_tim.o
 .text.TI2_Config
                0x08001bc4       0x94 build/stm32f10x_tim.o
 .text.TI3_Config
                0x08001c58       0x84 build/stm32f10x_tim.o
 .text.TI4_Config
                0x08001cdc       0x98 build/stm32f10x_tim.o
 .text.TIM_TimeBaseInit
                0x08001d74       0x94 build/stm32f10x_tim.o
                0x08001d74                TIM_TimeBaseInit
 .text.TIM_OC1Init
                0x08001e08       0x8c build/stm32f10x_tim.o
                0x08001e08                TIM_OC1Init
 .text.TIM_TimeBaseStructInit
                0x08001e94       0x12 build/stm32f10x_tim.o
                0x08001e94                TIM_TimeBaseStructInit
 .text.TIM_OCStructInit
                0x08001ea6       0x14 build/stm32f10x_tim.o
                0x08001ea6                TIM_OCStructInit
 .text.TIM_Cmd  0x08001eba       0x1c build/stm32f10x_tim.o
                0x08001eba                TIM_Cmd
 .text.TIM_CtrlPWMOutputs
                0x08001ed6       0x24 build/stm32f10x_tim.o
                0x08001ed6                TIM_CtrlPWMOutputs
 .text.TIM_ITConfig
                0x08001efa       0x18 build/stm32f10x_tim.o
                0x08001efa                TIM_ITConfig
 .text.TIM_OC1PreloadConfig
                0x08001f12        0xe build/stm32f10x_tim.o
                0x08001f12                TIM_OC1PreloadConfig
 .text.TIM_SetCounter
                0x08001f20        0x4 build/stm32f10x_tim.o
                0x08001f20                TIM_SetCounter
 .text.TIM_SetIC1Prescaler
                0x08001f24       0x16 build/stm32f10x_tim.o
                0x08001f24                TIM_SetIC1Prescaler
 .text.TIM_SetIC2Prescaler
                0x08001f3a       0x1a build/stm32f10x_tim.o
                0x08001f3a                TIM_SetIC2Prescaler
 .text.TIM_SetIC3Prescaler
                0x08001f54       0x16 build/stm32f10x_tim.o
                0x08001f54                TIM_SetIC3Prescaler
 .text.TIM_SetIC4Prescaler
                0x08001f6a       0x1a build/stm32f10x_tim.o
                0x08001f6a                TIM_SetIC4Prescaler
 .text.TIM_ICInit
                0x08001f84       0x62 build/stm32f10x_tim.o
                0x08001f84                TIM_ICInit
 .text.TIM_GetCapture1
                0x08001fe6        0x6 build/stm32f10x_tim.o
                0x08001fe6                TIM_GetCapture1
 .text.TIM_GetITStatus
                0x08001fec       0x18 build/stm32f10x_tim.o
                0x08001fec                TIM_GetITStatus
 .text.TIM_ClearITPendingBit
                0x08002004        0x8 build/stm32f10x_tim.o
                0x08002004                TIM_ClearITPendingBit
 .text.SetSysClockTo72
                0x0800200c       0xc4 build/system_stm32f10x.o
 .text.SetSysClock
                0x080020d0        0x8 build/system_stm32f10x.o
 .text.SystemInit
                0x080020d8       0x50 build/system_stm32f10x.o
                0x080020d8                SystemInit
 .text.SystemCoreClockUpdate
                0x08002128       0x94 build/system_stm32f10x.o
                0x08002128                SystemCoreClockUpdate
 .text.Reset_Handler
                0x080021bc       0x48 build/startup_stm32f103xb.o
                0x080021bc                Reset_Handler
 .text.Default_Handler
                0x08002204        0x2 build/startup_stm32f103xb.o
                0x08002204                RTC_Alarm_IRQHandler
                0x08002204                EXTI2_IRQHandler
                0x08002204                PVD_IRQHandler
                0x08002204                EXTI3_IRQHandler
                0x08002204                EXTI0_IRQHandler
                0x08002204                I2C2_EV_IRQHandler
                0x08002204                ADC1_2_IRQHandler
                0x08002204                SPI1_IRQHandler
                0x08002204                TAMPER_IRQHandler
                0x08002204                DMA1_Channel4_IRQHandler
                0x08002204                USART3_IRQHandler
                0x08002204                RTC_IRQHandler
                0x08002204                DMA1_Channel7_IRQHandler
                0x08002204                CAN1_RX1_IRQHandler
                0x08002204                TIM4_IRQHandler
                0x08002204                I2C1_EV_IRQHandler
                0x08002204                DMA1_Channel6_IRQHandler
                0x08002204                TIM3_IRQHandler
                0x08002204                RCC_IRQHandler
                0x08002204                TIM1_TRG_COM_IRQHandler
                0x08002204                DMA1_Channel1_IRQHandler
                0x08002204                Default_Handler
                0x08002204                EXTI15_10_IRQHandler
                0x08002204                EXTI9_5_IRQHandler
                0x08002204                SPI2_IRQHandler
                0x08002204                DMA1_Channel5_IRQHandler
                0x08002204                EXTI4_IRQHandler
                0x08002204                USB_LP_CAN1_RX0_IRQHandler
                0x08002204                USB_HP_CAN1_TX_IRQHandler
                0x08002204                DMA1_Channel3_IRQHandler
                0x08002204                TIM1_UP_IRQHandler
                0x08002204                WWDG_IRQHandler
                0x08002204                TIM1_BRK_IRQHandler
                0x08002204                EXTI1_IRQHandler
                0x08002204                USART2_IRQHandler
                0x08002204                I2C2_ER_IRQHandler
                0x08002204                DMA1_Channel2_IRQHandler
                0x08002204                CAN1_SCE_IRQHandler
                0x08002204                FLASH_IRQHandler
                0x08002204                USART1_IRQHandler
                0x08002204                I2C1_ER_IRQHandler
                0x08002204                USBWakeUp_IRQHandler
 *fill*         0x08002206        0x2 
 .text.__libc_init_array
                0x08002208       0x48 c:/toolschain/arm_cc/bin/../lib/gcc/arm-none-eabi/10.3.1/../../../../arm-none-eabi/lib/thumb/v7-m/nofp\libc_nano.a(lib_a-init.o)
                0x08002208                __libc_init_array
 .text.memcpy   0x08002250       0x1c c:/toolschain/arm_cc/bin/../lib/gcc/arm-none-eabi/10.3.1/../../../../arm-none-eabi/lib/thumb/v7-m/nofp\libc_nano.a(lib_a-memcpy-stub.o)
                0x08002250                memcpy
 .text.memset   0x0800226c       0x10 c:/toolschain/arm_cc/bin/../lib/gcc/arm-none-eabi/10.3.1/../../../../arm-none-eabi/lib/thumb/v7-m/nofp\libc_nano.a(lib_a-memset.o)
                0x0800226c                memset
 *(.glue_7)
 .glue_7        0x0800227c        0x0 linker stubs
 *(.glue_7t)
 .glue_7t       0x0800227c        0x0 linker stubs
 *(.eh_frame)
 .eh_frame      0x0800227c        0x0 c:/toolschain/arm_cc/bin/../lib/gcc/arm-none-eabi/10.3.1/thumb/v7-m/nofp/crtbegin.o
 *(.init)
 .init          0x0800227c        0x4 c:/toolschain/arm_cc/bin/../lib/gcc/arm-none-eabi/10.3.1/thumb/v7-m/nofp/crti.o
                0x0800227c                _init
 .init          0x08002280        0x8 c:/toolschain/arm_cc/bin/../lib/gcc/arm-none-eabi/10.3.1/thumb/v7-m/nofp/crtn.o
 *(.fini)
 .fini          0x08002288        0x4 c:/toolschain/arm_cc/bin/../lib/gcc/arm-none-eabi/10.3.1/thumb/v7-m/nofp/crti.o
                0x08002288                _fini
 .fini          0x0800228c        0x8 c:/toolschain/arm_cc/bin/../lib/gcc/arm-none-eabi/10.3.1/thumb/v7-m/nofp/crtn.o
                0x08002294                . = ALIGN (0x4)
                0x08002294                _etext = .

.vfp11_veneer   0x08002294        0x0
 .vfp11_veneer  0x08002294        0x0 linker stubs

.v4_bx          0x08002294        0x0
 .v4_bx         0x08002294        0x0 linker stubs

.iplt           0x08002294        0x0
 .iplt          0x08002294        0x0 c:/toolschain/arm_cc/bin/../lib/gcc/arm-none-eabi/10.3.1/thumb/v7-m/nofp/crtbegin.o

.rodata         0x08002294       0x14
                0x08002294                . = ALIGN (0x4)
 *(.rodata)
 *(.rodata*)
 .rodata.dht11_sim_run.str1.4
                0x08002294        0xa build/dht11_sim.o
 *fill*         0x0800229e        0x2 
 .rodata.vTaskStartScheduler.str1.4
                0x080022a0        0x5 build/tasks.o
                0x080022a8                . = ALIGN (0x4)
 *fill*         0x080022a5        0x3 

.rel.dyn        0x080022a8        0x0
 .rel.iplt      0x080022a8        0x0 c:/toolschain/arm_cc/bin/../lib/gcc/arm-none-eabi/10.3.1/thumb/v7-m/nofp/crtbegin.o

.ARM.extab
 *(.ARM.extab* .gnu.linkonce.armextab.*)

.ARM            0x080022a8        0x0
                0x080022a8                __exidx_start = .
 *(.ARM.exidx*)
                0x080022a8                __exidx_end = .

.preinit_array  0x080022a8        0x0
                0x080022a8                PROVIDE (__preinit_array_start = .)
 *(.preinit_array*)
                0x080022a8                PROVIDE (__preinit_array_end = .)

.init_array     0x080022a8        0x4
                0x080022a8                PROVIDE (__init_array_start = .)
 *(SORT_BY_NAME(.init_array.*))
 *(.init_array*)
 .init_array    0x080022a8        0x4 c:/toolschain/arm_cc/bin/../lib/gcc/arm-none-eabi/10.3.1/thumb/v7-m/nofp/crtbegin.o
                0x080022ac                PROVIDE (__init_array_end = .)

.fini_array     0x080022ac        0x4
                [!provide]                PROVIDE (__fini_array_start = .)
 *(SORT_BY_NAME(.fini_array.*))
 *(.fini_array*)
 .fini_array    0x080022ac        0x4 c:/toolschain/arm_cc/bin/../lib/gcc/arm-none-eabi/10.3.1/thumb/v7-m/nofp/crtbegin.o
                [!provide]                PROVIDE (__fini_array_end = .)
                0x080022b0                _sidata = LOADADDR (.data)

.data           0x20000000       0x18 load address 0x080022b0
                0x20000000                . = ALIGN (0x4)
                0x20000000                _sdata = .
 *(.data)
 *(.data*)
 .data.uxCriticalNesting
                0x20000000        0x4 build/port.o
 .data.AHBPrescTable
                0x20000004       0x10 build/system_stm32f10x.o
                0x20000004                AHBPrescTable
 .data.SystemCoreClock
                0x20000014        0x4 build/system_stm32f10x.o
                0x20000014                SystemCoreClock
                0x20000018                . = ALIGN (0x4)
                0x20000018                _edata = .

.igot.plt       0x20000018        0x0 load address 0x080022c8
 .igot.plt      0x20000018        0x0 c:/toolschain/arm_cc/bin/../lib/gcc/arm-none-eabi/10.3.1/thumb/v7-m/nofp/crtbegin.o
                0x20000018                . = ALIGN (0x4)

.bss            0x20000018     0x29a0 load address 0x080022c8
                0x20000018                _sbss = .
                0x20000018                __bss_start__ = _sbss
 *(.bss)
 .bss           0x20000018       0x1c c:/toolschain/arm_cc/bin/../lib/gcc/arm-none-eabi/10.3.1/thumb/v7-m/nofp/crtbegin.o
 *(.bss*)
 .bss.s         0x20000034       0x24 build/dht11_sim.o
 .bss.pxCurrentTCB
                0x20000058        0x4 build/tasks.o
                0x20000058                pxCurrentTCB
 .bss.pxDelayedTaskList
                0x2000005c        0x4 build/tasks.o
 .bss.pxOverflowDelayedTaskList
                0x20000060        0x4 build/tasks.o
 .bss.pxReadyTasksLists
                0x20000064       0xa0 build/tasks.o
 .bss.uxCurrentNumberOfTasks
                0x20000104        0x4 build/tasks.o
 .bss.uxDeletedTasksWaitingCleanUp
                0x20000108        0x4 build/tasks.o
 .bss.uxPendedTicks
                0x2000010c        0x4 build/tasks.o
 .bss.uxSchedulerSuspended
                0x20000110        0x4 build/tasks.o
 .bss.uxTaskNumber
                0x20000114        0x4 build/tasks.o
 .bss.uxTopReadyPriority
                0x20000118        0x4 build/tasks.o
 .bss.xDelayedTaskList1
                0x2000011c       0x14 build/tasks.o
 .bss.xDelayedTaskList2
                0x20000130       0x14 build/tasks.o
 .bss.xIdleTaskHandle
                0x20000144        0x4 build/tasks.o
 .bss.xNextTaskUnblockTime
                0x20000148        0x4 build/tasks.o
 .bss.xNumOfOverflows
                0x2000014c        0x4 build/tasks.o
 .bss.xPendingReadyList
                0x20000150       0x14 build/tasks.o
 .bss.xSchedulerRunning
                0x20000164        0x4 build/tasks.o
 .bss.xSuspendedTaskList
                0x20000168       0x14 build/tasks.o
 .bss.xTasksWaitingTermination
                0x2000017c       0x14 build/tasks.o
 .bss.xTickCount
                0x20000190        0x4 build/tasks.o
 .bss.xYieldPending
                0x20000194        0x4 build/tasks.o
 .bss.ucMaxSysCallPriority
                0x20000198        0x1 build/port.o
 *fill*         0x20000199        0x3 
 .bss.ulMaxPRIGROUPValue
                0x2000019c        0x4 build/port.o
 .bss.pxEnd     0x200001a0        0x4 build/heap_4.o
 .bss.ucHeap    0x200001a4     0x2800 build/heap_4.o
 .bss.xBlockAllocatedBit
                0x200029a4        0x4 build/heap_4.o
 .bss.xFreeBytesRemaining
                0x200029a8        0x4 build/heap_4.o
 .bss.xMinimumEverFreeBytesRemaining
                0x200029ac        0x4 build/heap_4.o
 .bss.xStart    0x200029b0        0x8 build/heap_4.o
 *(COMMON)
                0x200029b8                . = ALIGN (0x4)
                0x200029b8                _ebss = .
                0x200029b8                __bss_end__ = _ebss

._user_heap_stack
                0x200029b8      0x600 load address 0x080022c8
                0x200029b8                . = ALIGN (0x8)
                [!provide]                PROVIDE (end = .)
                0x200029b8                PROVIDE (_end = .)
                0x20002bb8                . = (. + _Min_Heap_Size)
 *fill*         0x200029b8      0x200 
                0x20002fb8                . = (. + _Min_Stack_Size)
 *fill*         0x20002bb8      0x400 
                0x20002fb8                . = ALIGN (0x8)

/DISCARD/
 libc.a(*)
 libm.a(*)
 libgcc.a(*)

.ARM.attributes
                0x00000000       0x29
 *(.ARM.attributes)
 .ARM.attributes
                0x00000000       0x1d c:/toolschain/arm_cc/bin/../lib/gcc/arm-none-eabi/10.3.1/thumb/v7-m/nofp/crti.o
 .ARM.attributes
                0x0000001d       0x2d c:/toolschain/arm_cc/bin/../lib/gcc/arm-none-eabi/10.3.1/thumb/v7-m/nofp/crtbegin.o
 .ARM.attributes
                0x0000004a       0x2d build/main.o
 .ARM.attributes
                0x00000077       0x2d build/freertos_hooks.o
 .ARM.attributes
                0x000000a4       0x2d build/stm32f10x_it.o
 .ARM.attributes
                0x000000d1       0x2d build/dht11_app.o
 .ARM.attributes
                0x000000fe       0x2d build/dht11_sim.o
 .ARM.attributes
                0x0000012b       0x2d build/tasks.o
 .ARM.attributes
                0x00000158       0x2d build/queue.o
 .ARM.attributes
                0x00000185       0x2d build/list.o
 .ARM.attributes
                0x000001b2       0x2d build/port.o
 .ARM.attributes
                0x000001df       0x2d build/heap_4.o
 .ARM.attributes
                0x0000020c       0x2d build/misc.o
 .ARM.attributes
                0x00000239       0x2d build/stm32f10x_gpio.o
 .ARM.attributes
                0x00000266       0x2d build/stm32f10x_rcc.o
 .ARM.attributes
                0x00000293       0x2d build/stm32f10x_tim.o
 .ARM.attributes
                0x000002c0       0x2d build/system_stm32f10x.o
 .ARM.attributes
                0x000002ed       0x21 build/startup_stm32f103xb.o
 .ARM.attributes
                0x0000030e       0x2d c:/toolschain/arm_cc/bin/../lib/gcc/arm-none-eabi/10.3.1/../../../../arm-none-eabi/lib/thumb/v7-m/nofp\libc_nano.a(lib_a-init.o)
 .ARM.attributes
                0x0000033b       0x2d c:/toolschain/arm_cc/bin/../lib/gcc/arm-none-eabi/10.3.1/../../../../arm-none-eabi/lib/thumb/v7-m/nofp\libc_nano.a(lib_a-memcpy-stub.o)
 .ARM.attributes
                0x00000368       0x2d c:/toolschain/arm_cc/bin/../lib/gcc/arm-none-eabi/10.3.1/../../../../arm-none-eabi/lib/thumb/v7-m/nofp\libc_nano.a(lib_a-memset.o)
 .ARM.attributes
                0x00000395       0x1d c:/toolschain/arm_cc/bin/../lib/gcc/arm-none-eabi/10.3.1/thumb/v7-m/nofp/crtn.o
OUTPUT(build/template_make.elf elf32-littlearm)
LOAD linker stubs
LOAD c:/toolschain/arm_cc/bin/../lib/gcc/arm-none-eabi/10.3.1/../../../../arm-none-eabi/lib/thumb/v7-m/nofp\libc.a
LOAD c:/toolschain/arm_cc/bin/../lib/gcc/arm-none-eabi/10.3.1/../../../../arm-none-eabi/lib/thumb/v7-m/nofp\libm.a
LOAD c:/toolschain/arm_cc/bin/../lib/gcc/arm-none-eabi/10.3.1/thumb/v7-m/nofp\libgcc.a

.debug_info     0x00000000     0xb8e7
 .debug_info    0x00000000      0x178 build/main.o
 .debug_info    0x00000178      0x149 build/freertos_hooks.o
 .debug_info    0x000002c1       0xfb build/stm32f10x_it.o
 .debug_info    0x000003bc      0x1b5 build/dht11_app.o
 .debug_info    0x00000571     0x1abf build/dht11_sim.o
 .debug_info    0x00002030     0x2bda build/tasks.o
 .debug_info    0x00004c0a     0x1a41 build/queue.o
 .debug_info    0x0000664b      0x304 build/list.o
 .debug_info    0x0000694f      0x4ef build/port.o
 .debug_info    0x00006e3e      0x4a0 build/heap_4.o
 .debug_info    0x000072de      0x5eb build/misc.o
 .debug_info    0x000078c9      0x98f build/stm32f10x_gpio.o
 .debug_info    0x00008258      0xa23 build/stm32f10x_rcc.o
 .debug_info    0x00008c7b     0x2704 build/stm32f10x_tim.o
 .debug_info    0x0000b37f      0x546 build/system_stm32f10x.o
 .debug_info    0x0000b8c5       0x22 build/startup_stm32f103xb.o

.debug_abbrev   0x00000000     0x1cb8
 .debug_abbrev  0x00000000       0x99 build/main.o
 .debug_abbrev  0x00000099       0xb5 build/freertos_hooks.o
 .debug_abbrev  0x0000014e       0x46 build/stm32f10x_it.o
 .debug_abbrev  0x00000194       0xc0 build/dht11_app.o
 .debug_abbrev  0x00000254      0x3bc build/dht11_sim.o
 .debug_abbrev  0x00000610      0x3cb build/tasks.o
 .debug_abbrev  0x000009db      0x2e5 build/queue.o
 .debug_abbrev  0x00000cc0      0x11d build/list.o
 .debug_abbrev  0x00000ddd      0x2c2 build/port.o
 .debug_abbrev  0x0000109f      0x257 build/heap_4.o
 .debug_abbrev  0x000012f6      0x167 build/misc.o
 .debug_abbrev  0x0000145d      0x23f build/stm32f10x_gpio.o
 .debug_abbrev  0x0000169c      0x240 build/stm32f10x_rcc.o
 .debug_abbrev  0x000018dc      0x241 build/stm32f10x_tim.o
 .debug_abbrev  0x00001b1d      0x189 build/system_stm32f10x.o
 .debug_abbrev  0x00001ca6       0x12 build/startup_stm32f103xb.o

.debug_loc      0x00000000     0x769b
 .debug_loc     0x00000000       0x60 build/main.o
 .debug_loc     0x00000060       0x64 build/dht11_app.o
 .debug_loc     0x000000c4      0x579 build/dht11_sim.o
 .debug_loc     0x0000063d     0x279d build/tasks.o
 .debug_loc     0x00002dda     0x15e2 build/queue.o
 .debug_loc     0x000043bc       0xe5 build/list.o
 .debug_loc     0x000044a1      0x134 build/port.o
 .debug_loc     0x000045d5      0x3a7 build/heap_4.o
 .debug_loc     0x0000497c      0x16b build/misc.o
 .debug_loc     0x00004ae7      0x6d8 build/stm32f10x_gpio.o
 .debug_loc     0x000051bf      0x6c4 build/stm32f10x_rcc.o
 .debug_loc     0x00005883     0x1ca1 build/stm32f10x_tim.o
 .debug_loc     0x00007524      0x177 build/system_stm32f10x.o

.debug_aranges  0x00000000      0xa58
 .debug_aranges
                0x00000000       0x30 build/main.o
 .debug_aranges
                0x00000030       0x28 build/freertos_hooks.o
 .debug_aranges
                0x00000058       0x48 build/stm32f10x_it.o
 .debug_aranges
                0x000000a0       0x28 build/dht11_app.o
 .debug_aranges
                0x000000c8       0x70 build/dht11_sim.o
 .debug_aranges
                0x00000138      0x1d0 build/tasks.o
 .debug_aranges
                0x00000308       0xf8 build/queue.o
 .debug_aranges
                0x00000400       0x40 build/list.o
 .debug_aranges
                0x00000440       0x78 build/port.o
 .debug_aranges
                0x000004b8       0x50 build/heap_4.o
 .debug_aranges
                0x00000508       0x40 build/misc.o
 .debug_aranges
                0x00000548       0xa8 build/stm32f10x_gpio.o
 .debug_aranges
                0x000005f0      0x118 build/stm32f10x_rcc.o
 .debug_aranges
                0x00000708      0x2f0 build/stm32f10x_tim.o
 .debug_aranges
                0x000009f8       0x38 build/system_stm32f10x.o
 .debug_aranges
                0x00000a30       0x28 build/startup_stm32f103xb.o

.debug_ranges   0x00000000      0xb00
 .debug_ranges  0x00000000       0x20 build/main.o
 .debug_ranges  0x00000020       0x18 build/freertos_hooks.o
 .debug_ranges  0x00000038       0x38 build/stm32f10x_it.o
 .debug_ranges  0x00000070       0x18 build/dht11_app.o
 .debug_ranges  0x00000088       0x78 build/dht11_sim.o
 .debug_ranges  0x00000100      0x2d0 build/tasks.o
 .debug_ranges  0x000003d0      0x160 build/queue.o
 .debug_ranges  0x00000530       0x30 build/list.o
 .debug_ranges  0x00000560       0x68 build/port.o
 .debug_ranges  0x000005c8       0x40 build/heap_4.o
 .debug_ranges  0x00000608       0x30 build/misc.o
 .debug_ranges  0x00000638       0x98 build/stm32f10x_gpio.o
 .debug_ranges  0x000006d0      0x108 build/stm32f10x_rcc.o
 .debug_ranges  0x000007d8      0x2e0 build/stm32f10x_tim.o
 .debug_ranges  0x00000ab8       0x28 build/system_stm32f10x.o
 .debug_ranges  0x00000ae0       0x20 build/startup_stm32f103xb.o

.debug_line     0x00000000     0x8580
 .debug_line    0x00000000       0xf6 build/main.o
 .debug_line    0x000000f6      0x17a build/freertos_hooks.o
 .debug_line    0x00000270       0xeb build/stm32f10x_it.o
 .debug_line    0x0000035b      0x159 build/dht11_app.o
 .debug_line    0x000004b4      0x86d build/dht11_sim.o
 .debug_line    0x00000d21     0x25b6 build/tasks.o
 .debug_line    0x000032d7     0x1560 build/queue.o
 .debug_line    0x00004837      0x2c5 build/list.o
 .debug_line    0x00004afc      0x4cc build/port.o
 .debug_line    0x00004fc8      0x5f4 build/heap_4.o
 .debug_line    0x000055bc      0x2a2 build/misc.o
 .debug_line    0x0000585e      0x6a8 build/stm32f10x_gpio.o
 .debug_line    0x00005f06      0x856 build/stm32f10x_rcc.o
 .debug_line    0x0000675c     0x1a0f build/stm32f10x_tim.o
 .debug_line    0x0000816b      0x3a3 build/system_stm32f10x.o
 .debug_line    0x0000850e       0x72 build/startup_stm32f103xb.o

.debug_str      0x00000000     0x344b
 .debug_str     0x00000000      0x1cf build/main.o
                                0x208 (size before relaxing)
 .debug_str     0x000001cf       0x92 build/freertos_hooks.o
                                0x1fe (size before relaxing)
 .debug_str     0x00000261       0x78 build/stm32f10x_it.o
                                0x1d0 (size before relaxing)
 .debug_str     0x000002d9       0xad build/dht11_app.o
                                0x23a (size before relaxing)
 .debug_str     0x00000386      0xabb build/dht11_sim.o
                                0xd2f (size before relaxing)
 .debug_str     0x00000e41      0xdba build/tasks.o
                               0x106b (size before relaxing)
 .debug_str     0x00001bfb      0x3d6 build/queue.o
                                0x8fe (size before relaxing)
 .debug_str     0x00001fd1       0x58 build/list.o
                                0x2c7 (size before relaxing)
 .debug_str     0x00002029      0x156 build/port.o
                                0x40f (size before relaxing)
 .debug_str     0x0000217f      0x1bf build/heap_4.o
                                0x3a1 (size before relaxing)
 .debug_str     0x0000233e      0x191 build/misc.o
                                0x3e2 (size before relaxing)
 .debug_str     0x000024cf      0x259 build/stm32f10x_gpio.o
                                0x554 (size before relaxing)
 .debug_str     0x00002728      0x405 build/stm32f10x_rcc.o
                                0x63e (size before relaxing)
 .debug_str     0x00002b2d      0x8a3 build/stm32f10x_tim.o
                                0xe2f (size before relaxing)
 .debug_str     0x000033d0       0x57 build/system_stm32f10x.o
                                0x2ef (size before relaxing)
 .debug_str     0x00003427       0x24 build/startup_stm32f103xb.o
                                 0x5d (size before relaxing)

.comment        0x00000000       0x49
 .comment       0x00000000       0x49 build/main.o
                                 0x4a (size before relaxing)
 .comment       0x00000049       0x4a build/freertos_hooks.o
 .comment       0x00000049       0x4a build/stm32f10x_it.o
 .comment       0x00000049       0x4a build/dht11_app.o
 .comment       0x00000049       0x4a build/dht11_sim.o
 .comment       0x00000049       0x4a build/tasks.o
 .comment       0x00000049       0x4a build/queue.o
 .comment       0x00000049       0x4a build/list.o
 .comment       0x00000049       0x4a build/port.o
 .comment       0x00000049       0x4a build/heap_4.o
 .comment       0x00000049       0x4a build/misc.o
 .comment       0x00000049       0x4a build/stm32f10x_gpio.o
 .comment       0x00000049       0x4a build/stm32f10x_rcc.o
 .comment       0x00000049       0x4a build/stm32f10x_tim.o
 .comment       0x00000049       0x4a build/system_stm32f10x.o

.debug_frame    0x00000000     0x19ec
 .debug_frame   0x00000000       0x58 build/main.o
 .debug_frame   0x00000058       0x30 build/freertos_hooks.o
 .debug_frame   0x00000088       0x70 build/stm32f10x_it.o
 .debug_frame   0x000000f8       0x48 build/dht11_app.o
 .debug_frame   0x00000140      0x170 build/dht11_sim.o
 .debug_frame   0x000002b0      0x65c build/tasks.o
 .debug_frame   0x0000090c      0x3ac build/queue.o
 .debug_frame   0x00000cb8       0x70 build/list.o
 .debug_frame   0x00000d28       0xe0 build/port.o
 .debug_frame   0x00000e08       0xb0 build/heap_4.o
 .debug_frame   0x00000eb8       0x60 build/misc.o
 .debug_frame   0x00000f18      0x160 build/stm32f10x_gpio.o
 .debug_frame   0x00001078      0x228 build/stm32f10x_rcc.o
 .debug_frame   0x000012a0      0x66c build/stm32f10x_tim.o
 .debug_frame   0x0000190c       0x6c build/system_stm32f10x.o
 .debug_frame   0x00001978       0x2c c:/toolschain/arm_cc/bin/../lib/gcc/arm-none-eabi/10.3.1/../../../../arm-none-eabi/lib/thumb/v7-m/nofp\libc_nano.a(lib_a-init.o)
 .debug_frame   0x000019a4       0x28 c:/toolschain/arm_cc/bin/../lib/gcc/arm-none-eabi/10.3.1/../../../../arm-none-eabi/lib/thumb/v7-m/nofp\libc_nano.a(lib_a-memcpy-stub.o)
 .debug_frame   0x000019cc       0x20 c:/toolschain/arm_cc/bin/../lib/gcc/arm-none-eabi/10.3.1/../../../../arm-none-eabi/lib/thumb/v7-m/nofp\libc_nano.a(lib_a-memset.o)

Cross Reference Table

Symbol                                            File
ADC1_2_IRQHandler                                 build/startup_stm32f103xb.o
ADC_AnalogWatchdogCmd                             build/stm32f10x_adc.o
ADC_AnalogWatchdogSingleChannelConfig             build/stm32f10x_adc.o
ADC_AnalogWatchdogThresholdsConfig                build/stm32f10x_adc.o
ADC_AutoInjectedConvCmd                           build/stm32f10x_adc.o
ADC_ClearFlag                                     build/stm32f10x_adc.o
ADC_ClearITPendingBit                             build/stm32f10x_adc.o
ADC_Cmd                                           build/stm32f10x_adc.o
ADC_DMACmd                                        build/stm32f10x_adc.o
ADC_DeInit                                        build/stm32f10x_adc.o
ADC_DiscModeChannelCountConfig                    build/stm32f10x_adc.o
ADC_DiscModeCmd                                   build/stm32f10x_adc.o
ADC_ExternalTrigConvCmd                           build/stm32f10x_adc.o
ADC_ExternalTrigInjectedConvCmd                   build/stm32f10x_adc.o
ADC_ExternalTrigInjectedConvConfig                build/stm32f10x_adc.o
ADC_GetCalibrationStatus                          build/stm32f10x_adc.o
ADC_GetConversionValue                            build/stm32f10x_adc.o
ADC_GetDualModeConversionValue                    build/stm32f10x_adc.o
ADC_GetFlagStatus                                 build/stm32f10x_adc.o
ADC_GetITStatus                                   build/stm32f10x_adc.o
ADC_GetInjectedConversionValue                    build/stm32f10x_adc.o
ADC_GetResetCalibrationStatus                     build/stm32f10x_adc.o
ADC_GetSoftwareStartConvStatus                    build/stm32f10x_adc.o
ADC_GetSoftwareStartInjectedConvCmdStatus         build/stm32f10x_adc.o
ADC_ITConfig                                      build/stm32f10x_adc.o
ADC_Init                                          build/stm32f10x_adc.o
ADC_InjectedChannelConfig                         build/stm32f10x_adc.o
ADC_InjectedDiscModeCmd                           build/stm32f10x_adc.o
ADC_InjectedSequencerLengthConfig                 build/stm32f10x_adc.o
ADC_RegularChannelConfig                          build/stm32f10x_adc.o
ADC_ResetCalibration                              build/stm32f10x_adc.o
ADC_SetInjectedOffset                             build/stm32f10x_adc.o
ADC_SoftwareStartConvCmd                          build/stm32f10x_adc.o
ADC_SoftwareStartInjectedConvCmd                  build/stm32f10x_adc.o
ADC_StartCalibration                              build/stm32f10x_adc.o
ADC_StructInit                                    build/stm32f10x_adc.o
ADC_TempSensorVrefintCmd                          build/stm32f10x_adc.o
AHBPrescTable                                     build/system_stm32f10x.o
BKP_ClearFlag                                     build/stm32f10x_bkp.o
BKP_ClearITPendingBit                             build/stm32f10x_bkp.o
BKP_DeInit                                        build/stm32f10x_bkp.o
BKP_GetFlagStatus                                 build/stm32f10x_bkp.o
BKP_GetITStatus                                   build/stm32f10x_bkp.o
BKP_ITConfig                                      build/stm32f10x_bkp.o
BKP_RTCOutputConfig                               build/stm32f10x_bkp.o
BKP_ReadBackupRegister                            build/stm32f10x_bkp.o
BKP_SetRTCCalibrationValue                        build/stm32f10x_bkp.o
BKP_TamperPinCmd                                  build/stm32f10x_bkp.o
BKP_TamperPinLevelConfig                          build/stm32f10x_bkp.o
BKP_WriteBackupRegister                           build/stm32f10x_bkp.o
BusFault_Handler                                  build/stm32f10x_it.o
CAN1_RX1_IRQHandler                               build/startup_stm32f103xb.o
CAN1_SCE_IRQHandler                               build/startup_stm32f103xb.o
CAN_CancelTransmit                                build/stm32f10x_can.o
CAN_ClearFlag                                     build/stm32f10x_can.o
CAN_ClearITPendingBit                             build/stm32f10x_can.o
CAN_DBGFreeze                                     build/stm32f10x_can.o
CAN_DeInit                                        build/stm32f10x_can.o
CAN_FIFORelease                                   build/stm32f10x_can.o
CAN_FilterInit                                    build/stm32f10x_can.o
CAN_GetFlagStatus                                 build/stm32f10x_can.o
CAN_GetITStatus                                   build/stm32f10x_can.o
CAN_GetLSBTransmitErrorCounter                    build/stm32f10x_can.o
CAN_GetLastErrorCode                              build/stm32f10x_can.o
CAN_GetReceiveErrorCounter                        build/stm32f10x_can.o
CAN_ITConfig                                      build/stm32f10x_can.o
CAN_Init                                          build/stm32f10x_can.o
CAN_MessagePending                                build/stm32f10x_can.o
CAN_OperatingModeRequest                          build/stm32f10x_can.o
CAN_Receive                                       build/stm32f10x_can.o
CAN_SlaveStartBank                                build/stm32f10x_can.o
CAN_Sleep                                         build/stm32f10x_can.o
CAN_StructInit                                    build/stm32f10x_can.o
CAN_TTComModeCmd                                  build/stm32f10x_can.o
CAN_Transmit                                      build/stm32f10x_can.o
CAN_TransmitStatus                                build/stm32f10x_can.o
CAN_WakeUp                                        build/stm32f10x_can.o
CEC_ClearFlag                                     build/stm32f10x_cec.o
CEC_ClearITPendingBit                             build/stm32f10x_cec.o
CEC_Cmd                                           build/stm32f10x_cec.o
CEC_DeInit                                        build/stm32f10x_cec.o
CEC_EndOfMessageCmd                               build/stm32f10x_cec.o
CEC_GetFlagStatus                                 build/stm32f10x_cec.o
CEC_GetITStatus                                   build/stm32f10x_cec.o
CEC_ITConfig                                      build/stm32f10x_cec.o
CEC_Init                                          build/stm32f10x_cec.o
CEC_OwnAddressConfig                              build/stm32f10x_cec.o
CEC_ReceiveDataByte                               build/stm32f10x_cec.o
CEC_SendDataByte                                  build/stm32f10x_cec.o
CEC_SetPrescaler                                  build/stm32f10x_cec.o
CEC_StartOfMessage                                build/stm32f10x_cec.o
CRC_CalcBlockCRC                                  build/stm32f10x_crc.o
CRC_CalcCRC                                       build/stm32f10x_crc.o
CRC_GetCRC                                        build/stm32f10x_crc.o
CRC_GetIDRegister                                 build/stm32f10x_crc.o
CRC_ResetDR                                       build/stm32f10x_crc.o
CRC_SetIDRegister                                 build/stm32f10x_crc.o
DAC_Cmd                                           build/stm32f10x_dac.o
DAC_DMACmd                                        build/stm32f10x_dac.o
DAC_DeInit                                        build/stm32f10x_dac.o
DAC_DualSoftwareTriggerCmd                        build/stm32f10x_dac.o
DAC_GetDataOutputValue                            build/stm32f10x_dac.o
DAC_Init                                          build/stm32f10x_dac.o
DAC_SetChannel1Data                               build/stm32f10x_dac.o
DAC_SetChannel2Data                               build/stm32f10x_dac.o
DAC_SetDualChannelData                            build/stm32f10x_dac.o
DAC_SoftwareTriggerCmd                            build/stm32f10x_dac.o
DAC_StructInit                                    build/stm32f10x_dac.o
DAC_WaveGenerationCmd                             build/stm32f10x_dac.o
DBGMCU_Config                                     build/stm32f10x_dbgmcu.o
DBGMCU_GetDEVID                                   build/stm32f10x_dbgmcu.o
DBGMCU_GetREVID                                   build/stm32f10x_dbgmcu.o
DMA1_Channel1_IRQHandler                          build/startup_stm32f103xb.o
DMA1_Channel2_IRQHandler                          build/startup_stm32f103xb.o
DMA1_Channel3_IRQHandler                          build/startup_stm32f103xb.o
DMA1_Channel4_IRQHandler                          build/startup_stm32f103xb.o
DMA1_Channel5_IRQHandler                          build/startup_stm32f103xb.o
DMA1_Channel6_IRQHandler                          build/startup_stm32f103xb.o
DMA1_Channel7_IRQHandler                          build/startup_stm32f103xb.o
DMA_ClearFlag                                     build/stm32f10x_dma.o
DMA_ClearITPendingBit                             build/stm32f10x_dma.o
                                                  build/timer_driver.o
DMA_Cmd                                           build/stm32f10x_dma.o
                                                  build/timer_driver.o
DMA_DeInit                                        build/stm32f10x_dma.o
                                                  build/timer_driver.o
DMA_GetCurrDataCounter                            build/stm32f10x_dma.o
DMA_GetFlagStatus                                 build/stm32f10x_dma.o
DMA_GetITStatus                                   build/stm32f10x_dma.o
                                                  build/timer_driver.o
DMA_ITConfig                                      build/stm32f10x_dma.o
                                                  build/timer_driver.o
DMA_Init                                          build/stm32f10x_dma.o
                                                  build/timer_driver.o
DMA_SetCurrDataCounter                            build/stm32f10x_dma.o
DMA_StructInit                                    build/stm32f10x_dma.o
DebugMon_Handler                                  build/stm32f10x_it.o
Default_Handler                                   build/startup_stm32f103xb.o
EXTI0_IRQHandler                                  build/startup_stm32f103xb.o
EXTI15_10_IRQHandler                              build/startup_stm32f103xb.o
EXTI1_IRQHandler                                  build/startup_stm32f103xb.o
EXTI2_IRQHandler                                  build/startup_stm32f103xb.o
EXTI3_IRQHandler                                  build/startup_stm32f103xb.o
EXTI4_IRQHandler                                  build/startup_stm32f103xb.o
EXTI9_5_IRQHandler                                build/startup_stm32f103xb.o
EXTI_ClearFlag                                    build/stm32f10x_exti.o
EXTI_ClearITPendingBit                            build/stm32f10x_exti.o
EXTI_DeInit                                       build/stm32f10x_exti.o
EXTI_GenerateSWInterrupt                          build/stm32f10x_exti.o
EXTI_GetFlagStatus                                build/stm32f10x_exti.o
EXTI_GetITStatus                                  build/stm32f10x_exti.o
EXTI_Init                                         build/stm32f10x_exti.o
EXTI_StructInit                                   build/stm32f10x_exti.o
FLASH_ClearFlag                                   build/stm32f10x_flash.o
FLASH_EnableWriteProtection                       build/stm32f10x_flash.o
FLASH_EraseAllBank1Pages                          build/stm32f10x_flash.o
FLASH_EraseAllPages                               build/stm32f10x_flash.o
FLASH_EraseOptionBytes                            build/stm32f10x_flash.o
FLASH_ErasePage                                   build/stm32f10x_flash.o
FLASH_GetBank1Status                              build/stm32f10x_flash.o
FLASH_GetFlagStatus                               build/stm32f10x_flash.o
FLASH_GetPrefetchBufferStatus                     build/stm32f10x_flash.o
FLASH_GetReadOutProtectionStatus                  build/stm32f10x_flash.o
FLASH_GetStatus                                   build/stm32f10x_flash.o
FLASH_GetUserOptionByte                           build/stm32f10x_flash.o
FLASH_GetWriteProtectionOptionByte                build/stm32f10x_flash.o
FLASH_HalfCycleAccessCmd                          build/stm32f10x_flash.o
FLASH_IRQHandler                                  build/startup_stm32f103xb.o
FLASH_ITConfig                                    build/stm32f10x_flash.o
FLASH_Lock                                        build/stm32f10x_flash.o
FLASH_LockBank1                                   build/stm32f10x_flash.o
FLASH_PrefetchBufferCmd                           build/stm32f10x_flash.o
FLASH_ProgramHalfWord                             build/stm32f10x_flash.o
FLASH_ProgramOptionByteData                       build/stm32f10x_flash.o
FLASH_ProgramWord                                 build/stm32f10x_flash.o
FLASH_ReadOutProtection                           build/stm32f10x_flash.o
FLASH_SetLatency                                  build/stm32f10x_flash.o
FLASH_Unlock                                      build/stm32f10x_flash.o
FLASH_UnlockBank1                                 build/stm32f10x_flash.o
FLASH_UserOptionByteConfig                        build/stm32f10x_flash.o
FLASH_WaitForLastBank1Operation                   build/stm32f10x_flash.o
FLASH_WaitForLastOperation                        build/stm32f10x_flash.o
FSMC_ClearFlag                                    build/stm32f10x_fsmc.o
FSMC_ClearITPendingBit                            build/stm32f10x_fsmc.o
FSMC_GetECC                                       build/stm32f10x_fsmc.o
FSMC_GetFlagStatus                                build/stm32f10x_fsmc.o
FSMC_GetITStatus                                  build/stm32f10x_fsmc.o
FSMC_ITConfig                                     build/stm32f10x_fsmc.o
FSMC_NANDCmd                                      build/stm32f10x_fsmc.o
FSMC_NANDDeInit                                   build/stm32f10x_fsmc.o
FSMC_NANDECCCmd                                   build/stm32f10x_fsmc.o
FSMC_NANDInit                                     build/stm32f10x_fsmc.o
FSMC_NANDStructInit                               build/stm32f10x_fsmc.o
FSMC_NORSRAMCmd                                   build/stm32f10x_fsmc.o
FSMC_NORSRAMDeInit                                build/stm32f10x_fsmc.o
FSMC_NORSRAMInit                                  build/stm32f10x_fsmc.o
FSMC_NORSRAMStructInit                            build/stm32f10x_fsmc.o
FSMC_PCCARDCmd                                    build/stm32f10x_fsmc.o
FSMC_PCCARDDeInit                                 build/stm32f10x_fsmc.o
FSMC_PCCARDInit                                   build/stm32f10x_fsmc.o
FSMC_PCCARDStructInit                             build/stm32f10x_fsmc.o
GPIO_AFIODeInit                                   build/stm32f10x_gpio.o
GPIO_DeInit                                       build/stm32f10x_gpio.o
GPIO_ETH_MediaInterfaceConfig                     build/stm32f10x_gpio.o
GPIO_EXTILineConfig                               build/stm32f10x_gpio.o
GPIO_EventOutputCmd                               build/stm32f10x_gpio.o
GPIO_EventOutputConfig                            build/stm32f10x_gpio.o
GPIO_Init                                         build/stm32f10x_gpio.o
                                                  build/dht11_sim.o
                                                  build/timer_driver.o
GPIO_PinLockConfig                                build/stm32f10x_gpio.o
GPIO_PinRemapConfig                               build/stm32f10x_gpio.o
GPIO_ReadInputData                                build/stm32f10x_gpio.o
GPIO_ReadInputDataBit                             build/stm32f10x_gpio.o
GPIO_ReadOutputData                               build/stm32f10x_gpio.o
GPIO_ReadOutputDataBit                            build/stm32f10x_gpio.o
GPIO_ResetBits                                    build/stm32f10x_gpio.o
                                                  build/dht11_sim.o
GPIO_SetBits                                      build/stm32f10x_gpio.o
                                                  build/dht11_sim.o
GPIO_StructInit                                   build/stm32f10x_gpio.o
                                                  build/timer_driver.o
GPIO_Write                                        build/stm32f10x_gpio.o
GPIO_WriteBit                                     build/stm32f10x_gpio.o
HardFault_Handler                                 build/stm32f10x_it.o
I2C1_ER_IRQHandler                                build/startup_stm32f103xb.o
I2C1_EV_IRQHandler                                build/startup_stm32f103xb.o
I2C2_ER_IRQHandler                                build/startup_stm32f103xb.o
I2C2_EV_IRQHandler                                build/startup_stm32f103xb.o
I2C_ARPCmd                                        build/stm32f10x_i2c.o
I2C_AcknowledgeConfig                             build/stm32f10x_i2c.o
I2C_CalculatePEC                                  build/stm32f10x_i2c.o
I2C_CheckEvent                                    build/stm32f10x_i2c.o
I2C_ClearFlag                                     build/stm32f10x_i2c.o
I2C_ClearITPendingBit                             build/stm32f10x_i2c.o
I2C_Cmd                                           build/stm32f10x_i2c.o
I2C_DMACmd                                        build/stm32f10x_i2c.o
I2C_DMALastTransferCmd                            build/stm32f10x_i2c.o
I2C_DeInit                                        build/stm32f10x_i2c.o
I2C_DualAddressCmd                                build/stm32f10x_i2c.o
I2C_FastModeDutyCycleConfig                       build/stm32f10x_i2c.o
I2C_GeneralCallCmd                                build/stm32f10x_i2c.o
I2C_GenerateSTART                                 build/stm32f10x_i2c.o
I2C_GenerateSTOP                                  build/stm32f10x_i2c.o
I2C_GetFlagStatus                                 build/stm32f10x_i2c.o
I2C_GetITStatus                                   build/stm32f10x_i2c.o
I2C_GetLastEvent                                  build/stm32f10x_i2c.o
I2C_GetPEC                                        build/stm32f10x_i2c.o
I2C_ITConfig                                      build/stm32f10x_i2c.o
I2C_Init                                          build/stm32f10x_i2c.o
I2C_NACKPositionConfig                            build/stm32f10x_i2c.o
I2C_OwnAddress2Config                             build/stm32f10x_i2c.o
I2C_PECPositionConfig                             build/stm32f10x_i2c.o
I2C_ReadRegister                                  build/stm32f10x_i2c.o
I2C_ReceiveData                                   build/stm32f10x_i2c.o
I2C_SMBusAlertConfig                              build/stm32f10x_i2c.o
I2C_Send7bitAddress                               build/stm32f10x_i2c.o
I2C_SendData                                      build/stm32f10x_i2c.o
I2C_SoftwareResetCmd                              build/stm32f10x_i2c.o
I2C_StretchClockCmd                               build/stm32f10x_i2c.o
I2C_StructInit                                    build/stm32f10x_i2c.o
I2C_TransmitPEC                                   build/stm32f10x_i2c.o
I2S_Cmd                                           build/stm32f10x_spi.o
I2S_Init                                          build/stm32f10x_spi.o
I2S_StructInit                                    build/stm32f10x_spi.o
IWDG_Enable                                       build/stm32f10x_iwdg.o
IWDG_GetFlagStatus                                build/stm32f10x_iwdg.o
IWDG_ReloadCounter                                build/stm32f10x_iwdg.o
IWDG_SetPrescaler                                 build/stm32f10x_iwdg.o
IWDG_SetReload                                    build/stm32f10x_iwdg.o
IWDG_WriteAccessCmd                               build/stm32f10x_iwdg.o
MemManage_Handler                                 build/stm32f10x_it.o
NMI_Handler                                       build/stm32f10x_it.o
NVIC_Init                                         build/misc.o
NVIC_PriorityGroupConfig                          build/misc.o
                                                  build/dht11_sim.o
NVIC_SetVectorTable                               build/misc.o
NVIC_SystemLPConfig                               build/misc.o
PVD_IRQHandler                                    build/startup_stm32f103xb.o
PWR_BackupAccessCmd                               build/stm32f10x_pwr.o
PWR_ClearFlag                                     build/stm32f10x_pwr.o
PWR_DeInit                                        build/stm32f10x_pwr.o
PWR_EnterSTANDBYMode                              build/stm32f10x_pwr.o
PWR_EnterSTOPMode                                 build/stm32f10x_pwr.o
PWR_GetFlagStatus                                 build/stm32f10x_pwr.o
PWR_PVDCmd                                        build/stm32f10x_pwr.o
PWR_PVDLevelConfig                                build/stm32f10x_pwr.o
PWR_WakeUpPinCmd                                  build/stm32f10x_pwr.o
PendSV_Handler                                    build/port.o
RCC_ADCCLKConfig                                  build/stm32f10x_rcc.o
RCC_AHBPeriphClockCmd                             build/stm32f10x_rcc.o
                                                  build/timer_driver.o
RCC_APB1PeriphClockCmd                            build/stm32f10x_rcc.o
                                                  build/dht11_sim.o
                                                  build/timer_driver.o
RCC_APB1PeriphResetCmd                            build/stm32f10x_rcc.o
                                                  build/stm32f10x_wwdg.o
                                                  build/stm32f10x_usart.o
                                                  build/stm32f10x_tim.o
                                                  build/stm32f10x_spi.o
                                                  build/stm32f10x_pwr.o
                                                  build/stm32f10x_i2c.o
                                                  build/stm32f10x_dac.o
                                                  build/stm32f10x_cec.o
                                                  build/stm32f10x_can.o
RCC_APB2PeriphClockCmd                            build/stm32f10x_rcc.o
                                                  build/dht11_sim.o
                                                  build/timer_driver.o
RCC_APB2PeriphResetCmd                            build/stm32f10x_rcc.o
                                                  build/stm32f10x_usart.o
                                                  build/stm32f10x_tim.o
                                                  build/stm32f10x_spi.o
                                                  build/stm32f10x_gpio.o
                                                  build/stm32f10x_adc.o
RCC_AdjustHSICalibrationValue                     build/stm32f10x_rcc.o
RCC_BackupResetCmd                                build/stm32f10x_rcc.o
                                                  build/stm32f10x_bkp.o
RCC_ClearFlag                                     build/stm32f10x_rcc.o
RCC_ClearITPendingBit                             build/stm32f10x_rcc.o
RCC_ClockSecuritySystemCmd                        build/stm32f10x_rcc.o
RCC_DeInit                                        build/stm32f10x_rcc.o
RCC_GetClocksFreq                                 build/stm32f10x_rcc.o
                                                  build/stm32f10x_usart.o
                                                  build/stm32f10x_spi.o
                                                  build/stm32f10x_i2c.o
RCC_GetFlagStatus                                 build/stm32f10x_rcc.o
RCC_GetITStatus                                   build/stm32f10x_rcc.o
RCC_GetSYSCLKSource                               build/stm32f10x_rcc.o
RCC_HCLKConfig                                    build/stm32f10x_rcc.o
RCC_HSEConfig                                     build/stm32f10x_rcc.o
RCC_HSICmd                                        build/stm32f10x_rcc.o
RCC_IRQHandler                                    build/startup_stm32f103xb.o
RCC_ITConfig                                      build/stm32f10x_rcc.o
RCC_LSEConfig                                     build/stm32f10x_rcc.o
RCC_LSICmd                                        build/stm32f10x_rcc.o
RCC_MCOConfig                                     build/stm32f10x_rcc.o
RCC_PCLK1Config                                   build/stm32f10x_rcc.o
RCC_PCLK2Config                                   build/stm32f10x_rcc.o
RCC_PLLCmd                                        build/stm32f10x_rcc.o
RCC_PLLConfig                                     build/stm32f10x_rcc.o
RCC_RTCCLKCmd                                     build/stm32f10x_rcc.o
RCC_RTCCLKConfig                                  build/stm32f10x_rcc.o
RCC_SYSCLKConfig                                  build/stm32f10x_rcc.o
RCC_USBCLKConfig                                  build/stm32f10x_rcc.o
RCC_WaitForHSEStartUp                             build/stm32f10x_rcc.o
RTC_Alarm_IRQHandler                              build/startup_stm32f103xb.o
RTC_ClearFlag                                     build/stm32f10x_rtc.o
RTC_ClearITPendingBit                             build/stm32f10x_rtc.o
RTC_EnterConfigMode                               build/stm32f10x_rtc.o
RTC_ExitConfigMode                                build/stm32f10x_rtc.o
RTC_GetCounter                                    build/stm32f10x_rtc.o
RTC_GetDivider                                    build/stm32f10x_rtc.o
RTC_GetFlagStatus                                 build/stm32f10x_rtc.o
RTC_GetITStatus                                   build/stm32f10x_rtc.o
RTC_IRQHandler                                    build/startup_stm32f103xb.o
RTC_ITConfig                                      build/stm32f10x_rtc.o
RTC_SetAlarm                                      build/stm32f10x_rtc.o
RTC_SetCounter                                    build/stm32f10x_rtc.o
RTC_SetPrescaler                                  build/stm32f10x_rtc.o
RTC_WaitForLastTask                               build/stm32f10x_rtc.o
RTC_WaitForSynchro                                build/stm32f10x_rtc.o
Reset_Handler                                     build/startup_stm32f103xb.o
SDIO_CEATAITCmd                                   build/stm32f10x_sdio.o
SDIO_ClearFlag                                    build/stm32f10x_sdio.o
SDIO_ClearITPendingBit                            build/stm32f10x_sdio.o
SDIO_ClockCmd                                     build/stm32f10x_sdio.o
SDIO_CmdStructInit                                build/stm32f10x_sdio.o
SDIO_CommandCompletionCmd                         build/stm32f10x_sdio.o
SDIO_DMACmd                                       build/stm32f10x_sdio.o
SDIO_DataConfig                                   build/stm32f10x_sdio.o
SDIO_DataStructInit                               build/stm32f10x_sdio.o
SDIO_DeInit                                       build/stm32f10x_sdio.o
SDIO_GetCommandResponse                           build/stm32f10x_sdio.o
SDIO_GetDataCounter                               build/stm32f10x_sdio.o
SDIO_GetFIFOCount                                 build/stm32f10x_sdio.o
SDIO_GetFlagStatus                                build/stm32f10x_sdio.o
SDIO_GetITStatus                                  build/stm32f10x_sdio.o
SDIO_GetPowerState                                build/stm32f10x_sdio.o
SDIO_GetResponse                                  build/stm32f10x_sdio.o
SDIO_ITConfig                                     build/stm32f10x_sdio.o
SDIO_Init                                         build/stm32f10x_sdio.o
SDIO_ReadData                                     build/stm32f10x_sdio.o
SDIO_SendCEATACmd                                 build/stm32f10x_sdio.o
SDIO_SendCommand                                  build/stm32f10x_sdio.o
SDIO_SendSDIOSuspendCmd                           build/stm32f10x_sdio.o
SDIO_SetPowerState                                build/stm32f10x_sdio.o
SDIO_SetSDIOOperation                             build/stm32f10x_sdio.o
SDIO_SetSDIOReadWaitMode                          build/stm32f10x_sdio.o
SDIO_StartSDIOReadWait                            build/stm32f10x_sdio.o
SDIO_StopSDIOReadWait                             build/stm32f10x_sdio.o
SDIO_StructInit                                   build/stm32f10x_sdio.o
SDIO_WriteData                                    build/stm32f10x_sdio.o
SPI1_IRQHandler                                   build/startup_stm32f103xb.o
SPI2_IRQHandler                                   build/startup_stm32f103xb.o
SPI_BiDirectionalLineConfig                       build/stm32f10x_spi.o
SPI_CalculateCRC                                  build/stm32f10x_spi.o
SPI_Cmd                                           build/stm32f10x_spi.o
SPI_DataSizeConfig                                build/stm32f10x_spi.o
SPI_GetCRC                                        build/stm32f10x_spi.o
SPI_GetCRCPolynomial                              build/stm32f10x_spi.o
SPI_I2S_ClearFlag                                 build/stm32f10x_spi.o
SPI_I2S_ClearITPendingBit                         build/stm32f10x_spi.o
SPI_I2S_DMACmd                                    build/stm32f10x_spi.o
SPI_I2S_DeInit                                    build/stm32f10x_spi.o
SPI_I2S_GetFlagStatus                             build/stm32f10x_spi.o
SPI_I2S_GetITStatus                               build/stm32f10x_spi.o
SPI_I2S_ITConfig                                  build/stm32f10x_spi.o
SPI_I2S_ReceiveData                               build/stm32f10x_spi.o
SPI_I2S_SendData                                  build/stm32f10x_spi.o
SPI_Init                                          build/stm32f10x_spi.o
SPI_NSSInternalSoftwareConfig                     build/stm32f10x_spi.o
SPI_SSOutputCmd                                   build/stm32f10x_spi.o
SPI_StructInit                                    build/stm32f10x_spi.o
SPI_TransmitCRC                                   build/stm32f10x_spi.o
SVC_Handler                                       build/port.o
SysTick_CLKSourceConfig                           build/misc.o
SysTick_Handler                                   build/port.o
SystemCoreClock                                   build/system_stm32f10x.o
                                                  build/dht11_sim.o
SystemCoreClockUpdate                             build/system_stm32f10x.o
                                                  build/main.o
SystemInit                                        build/system_stm32f10x.o
                                                  build/startup_stm32f103xb.o
                                                  build/main.o
TAMPER_IRQHandler                                 build/startup_stm32f103xb.o
TIM1_BRK_IRQHandler                               build/startup_stm32f103xb.o
TIM1_CC_IRQHandler                                build/main.o
TIM1_TRG_COM_IRQHandler                           build/startup_stm32f103xb.o
TIM1_UP_IRQHandler                                build/startup_stm32f103xb.o
TIM2_IRQHandler                                   build/main.o
TIM3_IRQHandler                                   build/startup_stm32f103xb.o
TIM4_IRQHandler                                   build/startup_stm32f103xb.o
TIM_ARRPreloadConfig                              build/stm32f10x_tim.o
                                                  build/timer_driver.o
TIM_BDTRConfig                                    build/stm32f10x_tim.o
TIM_BDTRStructInit                                build/stm32f10x_tim.o
TIM_CCPreloadControl                              build/stm32f10x_tim.o
TIM_CCxCmd                                        build/stm32f10x_tim.o
TIM_CCxNCmd                                       build/stm32f10x_tim.o
TIM_ClearFlag                                     build/stm32f10x_tim.o
TIM_ClearITPendingBit                             build/stm32f10x_tim.o
                                                  build/dht11_sim.o
                                                  build/timer_driver.o
TIM_ClearOC1Ref                                   build/stm32f10x_tim.o
TIM_ClearOC2Ref                                   build/stm32f10x_tim.o
TIM_ClearOC3Ref                                   build/stm32f10x_tim.o
TIM_ClearOC4Ref                                   build/stm32f10x_tim.o
TIM_Cmd                                           build/stm32f10x_tim.o
                                                  build/dht11_sim.o
                                                  build/timer_driver.o
TIM_CounterModeConfig                             build/stm32f10x_tim.o
TIM_CtrlPWMOutputs                                build/stm32f10x_tim.o
                                                  build/dht11_sim.o
                                                  build/timer_driver.o
TIM_DMACmd                                        build/stm32f10x_tim.o
                                                  build/timer_driver.o
TIM_DMAConfig                                     build/stm32f10x_tim.o
TIM_DeInit                                        build/stm32f10x_tim.o
TIM_ETRClockMode1Config                           build/stm32f10x_tim.o
TIM_ETRClockMode2Config                           build/stm32f10x_tim.o
TIM_ETRConfig                                     build/stm32f10x_tim.o
TIM_EncoderInterfaceConfig                        build/stm32f10x_tim.o
TIM_ForcedOC1Config                               build/stm32f10x_tim.o
TIM_ForcedOC2Config                               build/stm32f10x_tim.o
TIM_ForcedOC3Config                               build/stm32f10x_tim.o
TIM_ForcedOC4Config                               build/stm32f10x_tim.o
TIM_GenerateEvent                                 build/stm32f10x_tim.o
TIM_GetCapture1                                   build/stm32f10x_tim.o
                                                  build/dht11_sim.o
                                                  build/timer_driver.o
TIM_GetCapture2                                   build/stm32f10x_tim.o
                                                  build/timer_driver.o
TIM_GetCapture3                                   build/stm32f10x_tim.o
                                                  build/timer_driver.o
TIM_GetCapture4                                   build/stm32f10x_tim.o
                                                  build/timer_driver.o
TIM_GetCounter                                    build/stm32f10x_tim.o
                                                  build/timer_driver.o
TIM_GetFlagStatus                                 build/stm32f10x_tim.o
TIM_GetITStatus                                   build/stm32f10x_tim.o
                                                  build/dht11_sim.o
                                                  build/timer_driver.o
TIM_GetPrescaler                                  build/stm32f10x_tim.o
TIM_ICInit                                        build/stm32f10x_tim.o
                                                  build/dht11_sim.o
                                                  build/timer_driver.o
TIM_ICStructInit                                  build/stm32f10x_tim.o
                                                  build/timer_driver.o
TIM_ITConfig                                      build/stm32f10x_tim.o
                                                  build/dht11_sim.o
                                                  build/timer_driver.o
TIM_ITRxExternalClockConfig                       build/stm32f10x_tim.o
TIM_InternalClockConfig                           build/stm32f10x_tim.o
TIM_OC1FastConfig                                 build/stm32f10x_tim.o
TIM_OC1Init                                       build/stm32f10x_tim.o
                                                  build/dht11_sim.o
                                                  build/timer_driver.o
TIM_OC1NPolarityConfig                            build/stm32f10x_tim.o
TIM_OC1PolarityConfig                             build/stm32f10x_tim.o
TIM_OC1PreloadConfig                              build/stm32f10x_tim.o
                                                  build/dht11_sim.o
                                                  build/timer_driver.o
TIM_OC2FastConfig                                 build/stm32f10x_tim.o
TIM_OC2Init                                       build/stm32f10x_tim.o
                                                  build/timer_driver.o
TIM_OC2NPolarityConfig                            build/stm32f10x_tim.o
TIM_OC2PolarityConfig                             build/stm32f10x_tim.o
TIM_OC2PreloadConfig                              build/stm32f10x_tim.o
                                                  build/timer_driver.o
TIM_OC3FastConfig                                 build/stm32f10x_tim.o
TIM_OC3Init                                       build/stm32f10x_tim.o
                                                  build/timer_driver.o
TIM_OC3NPolarityConfig                            build/stm32f10x_tim.o
TIM_OC3PolarityConfig                             build/stm32f10x_tim.o
TIM_OC3PreloadConfig                              build/stm32f10x_tim.o
                                                  build/timer_driver.o
TIM_OC4FastConfig                                 build/stm32f10x_tim.o
TIM_OC4Init                                       build/stm32f10x_tim.o
                                                  build/timer_driver.o
TIM_OC4PolarityConfig                             build/stm32f10x_tim.o
TIM_OC4PreloadConfig                              build/stm32f10x_tim.o
                                                  build/timer_driver.o
TIM_OCStructInit                                  build/stm32f10x_tim.o
                                                  build/dht11_sim.o
                                                  build/timer_driver.o
TIM_PWMIConfig                                    build/stm32f10x_tim.o
TIM_PrescalerConfig                               build/stm32f10x_tim.o
TIM_SelectCCDMA                                   build/stm32f10x_tim.o
TIM_SelectCOM                                     build/stm32f10x_tim.o
TIM_SelectHallSensor                              build/stm32f10x_tim.o
TIM_SelectInputTrigger                            build/stm32f10x_tim.o
TIM_SelectMasterSlaveMode                         build/stm32f10x_tim.o
TIM_SelectOCxM                                    build/stm32f10x_tim.o
TIM_SelectOnePulseMode                            build/stm32f10x_tim.o
TIM_SelectOutputTrigger                           build/stm32f10x_tim.o
TIM_SelectSlaveMode                               build/stm32f10x_tim.o
TIM_SetAutoreload                                 build/stm32f10x_tim.o
TIM_SetClockDivision                              build/stm32f10x_tim.o
TIM_SetCompare1                                   build/stm32f10x_tim.o
                                                  build/timer_driver.o
TIM_SetCompare2                                   build/stm32f10x_tim.o
                                                  build/timer_driver.o
TIM_SetCompare3                                   build/stm32f10x_tim.o
                                                  build/timer_driver.o
TIM_SetCompare4                                   build/stm32f10x_tim.o
                                                  build/timer_driver.o
TIM_SetCounter                                    build/stm32f10x_tim.o
                                                  build/dht11_sim.o
TIM_SetIC1Prescaler                               build/stm32f10x_tim.o
TIM_SetIC2Prescaler                               build/stm32f10x_tim.o
TIM_SetIC3Prescaler                               build/stm32f10x_tim.o
TIM_SetIC4Prescaler                               build/stm32f10x_tim.o
TIM_TIxExternalClockConfig                        build/stm32f10x_tim.o
TIM_TimeBaseInit                                  build/stm32f10x_tim.o
                                                  build/dht11_sim.o
                                                  build/timer_driver.o
TIM_TimeBaseStructInit                            build/stm32f10x_tim.o
                                                  build/dht11_sim.o
                                                  build/timer_driver.o
TIM_UpdateDisableConfig                           build/stm32f10x_tim.o
TIM_UpdateRequestConfig                           build/stm32f10x_tim.o
USART1_IRQHandler                                 build/startup_stm32f103xb.o
USART2_IRQHandler                                 build/startup_stm32f103xb.o
USART3_IRQHandler                                 build/startup_stm32f103xb.o
USART_ClearFlag                                   build/stm32f10x_usart.o
USART_ClearITPendingBit                           build/stm32f10x_usart.o
USART_ClockInit                                   build/stm32f10x_usart.o
USART_ClockStructInit                             build/stm32f10x_usart.o
USART_Cmd                                         build/stm32f10x_usart.o
USART_DMACmd                                      build/stm32f10x_usart.o
USART_DeInit                                      build/stm32f10x_usart.o
USART_GetFlagStatus                               build/stm32f10x_usart.o
                                                  build/syscalls.o
USART_GetITStatus                                 build/stm32f10x_usart.o
USART_HalfDuplexCmd                               build/stm32f10x_usart.o
USART_ITConfig                                    build/stm32f10x_usart.o
USART_Init                                        build/stm32f10x_usart.o
USART_IrDACmd                                     build/stm32f10x_usart.o
USART_IrDAConfig                                  build/stm32f10x_usart.o
USART_LINBreakDetectLengthConfig                  build/stm32f10x_usart.o
USART_LINCmd                                      build/stm32f10x_usart.o
USART_OneBitMethodCmd                             build/stm32f10x_usart.o
USART_OverSampling8Cmd                            build/stm32f10x_usart.o
USART_ReceiveData                                 build/stm32f10x_usart.o
USART_ReceiverWakeUpCmd                           build/stm32f10x_usart.o
USART_SendBreak                                   build/stm32f10x_usart.o
USART_SendData                                    build/stm32f10x_usart.o
                                                  build/syscalls.o
USART_SetAddress                                  build/stm32f10x_usart.o
USART_SetGuardTime                                build/stm32f10x_usart.o
USART_SetPrescaler                                build/stm32f10x_usart.o
USART_SmartCardCmd                                build/stm32f10x_usart.o
USART_SmartCardNACKCmd                            build/stm32f10x_usart.o
USART_StructInit                                  build/stm32f10x_usart.o
USART_WakeUpConfig                                build/stm32f10x_usart.o
USBWakeUp_IRQHandler                              build/startup_stm32f103xb.o
USB_HP_CAN1_TX_IRQHandler                         build/startup_stm32f103xb.o
USB_LP_CAN1_RX0_IRQHandler                        build/startup_stm32f103xb.o
UsageFault_Handler                                build/stm32f10x_it.o
WWDG_ClearFlag                                    build/stm32f10x_wwdg.o
WWDG_DeInit                                       build/stm32f10x_wwdg.o
WWDG_Enable                                       build/stm32f10x_wwdg.o
WWDG_EnableIT                                     build/stm32f10x_wwdg.o
WWDG_GetFlagStatus                                build/stm32f10x_wwdg.o
WWDG_IRQHandler                                   build/startup_stm32f103xb.o
WWDG_SetCounter                                   build/stm32f10x_wwdg.o
WWDG_SetPrescaler                                 build/stm32f10x_wwdg.o
WWDG_SetWindowValue                               build/stm32f10x_wwdg.o
__bss_end__                                       c:/toolschain/arm_cc/bin/../lib/gcc/arm-none-eabi/10.3.1/../../../../arm-none-eabi/lib/thumb/v7-m/nofp/crt0.o
__bss_start__                                     c:/toolschain/arm_cc/bin/../lib/gcc/arm-none-eabi/10.3.1/../../../../arm-none-eabi/lib/thumb/v7-m/nofp/crt0.o
__call_exitprocs                                  c:/toolschain/arm_cc/bin/../lib/gcc/arm-none-eabi/10.3.1/../../../../arm-none-eabi/lib/thumb/v7-m/nofp\libc_nano.a(lib_a-exit.o)
__deregister_frame_info                           c:/toolschain/arm_cc/bin/../lib/gcc/arm-none-eabi/10.3.1/thumb/v7-m/nofp/crtbegin.o
__dso_handle                                      c:/toolschain/arm_cc/bin/../lib/gcc/arm-none-eabi/10.3.1/thumb/v7-m/nofp/crtbegin.o
__errno                                           c:/toolschain/arm_cc/bin/../lib/gcc/arm-none-eabi/10.3.1/../../../../arm-none-eabi/lib/thumb/v7-m/nofp\libc_nano.a(lib_a-errno.o)
                                                  build/syscalls.o
__init_array_end                                  c:/toolschain/arm_cc/bin/../lib/gcc/arm-none-eabi/10.3.1/../../../../arm-none-eabi/lib/thumb/v7-m/nofp\libc_nano.a(lib_a-init.o)
__init_array_start                                c:/toolschain/arm_cc/bin/../lib/gcc/arm-none-eabi/10.3.1/../../../../arm-none-eabi/lib/thumb/v7-m/nofp\libc_nano.a(lib_a-init.o)
__libc_fini_array                                 c:/toolschain/arm_cc/bin/../lib/gcc/arm-none-eabi/10.3.1/../../../../arm-none-eabi/lib/thumb/v7-m/nofp/crt0.o
__libc_init_array                                 c:/toolschain/arm_cc/bin/../lib/gcc/arm-none-eabi/10.3.1/../../../../arm-none-eabi/lib/thumb/v7-m/nofp\libc_nano.a(lib_a-init.o)
                                                  build/startup_stm32f103xb.o
                                                  c:/toolschain/arm_cc/bin/../lib/gcc/arm-none-eabi/10.3.1/../../../../arm-none-eabi/lib/thumb/v7-m/nofp/crt0.o
__preinit_array_end                               c:/toolschain/arm_cc/bin/../lib/gcc/arm-none-eabi/10.3.1/../../../../arm-none-eabi/lib/thumb/v7-m/nofp\libc_nano.a(lib_a-init.o)
__preinit_array_start                             c:/toolschain/arm_cc/bin/../lib/gcc/arm-none-eabi/10.3.1/../../../../arm-none-eabi/lib/thumb/v7-m/nofp\libc_nano.a(lib_a-init.o)
__register_frame_info                             c:/toolschain/arm_cc/bin/../lib/gcc/arm-none-eabi/10.3.1/thumb/v7-m/nofp/crtbegin.o
__sf_fake_stderr                                  c:/toolschain/arm_cc/bin/../lib/gcc/arm-none-eabi/10.3.1/../../../../arm-none-eabi/lib/thumb/v7-m/nofp\libc_nano.a(lib_a-impure.o)
__sf_fake_stdin                                   c:/toolschain/arm_cc/bin/../lib/gcc/arm-none-eabi/10.3.1/../../../../arm-none-eabi/lib/thumb/v7-m/nofp\libc_nano.a(lib_a-impure.o)
__sf_fake_stdout                                  c:/toolschain/arm_cc/bin/../lib/gcc/arm-none-eabi/10.3.1/../../../../arm-none-eabi/lib/thumb/v7-m/nofp\libc_nano.a(lib_a-impure.o)
__stack                                           c:/toolschain/arm_cc/bin/../lib/gcc/arm-none-eabi/10.3.1/../../../../arm-none-eabi/lib/thumb/v7-m/nofp/crt0.o
_close                                            build/syscalls.o
_ebss                                             build/startup_stm32f103xb.o
_edata                                            build/startup_stm32f103xb.o
_end                                              build/syscalls.o
_estack                                           build/startup_stm32f103xb.o
                                                  build/syscalls.o
_exit                                             c:/toolschain/arm_cc/bin/../lib/gcc/arm-none-eabi/10.3.1/../../../../arm-none-eabi/lib/thumb/v7-m/nofp\libnosys.a(_exit.o)
                                                  c:/toolschain/arm_cc/bin/../lib/gcc/arm-none-eabi/10.3.1/../../../../arm-none-eabi/lib/thumb/v7-m/nofp\libc_nano.a(lib_a-exit.o)
_fini                                             c:/toolschain/arm_cc/bin/../lib/gcc/arm-none-eabi/10.3.1/thumb/v7-m/nofp/crti.o
_fstat                                            build/syscalls.o
_getpid                                           build/syscalls.o
_global_impure_ptr                                c:/toolschain/arm_cc/bin/../lib/gcc/arm-none-eabi/10.3.1/../../../../arm-none-eabi/lib/thumb/v7-m/nofp\libc_nano.a(lib_a-impure.o)
                                                  c:/toolschain/arm_cc/bin/../lib/gcc/arm-none-eabi/10.3.1/../../../../arm-none-eabi/lib/thumb/v7-m/nofp\libc_nano.a(lib_a-exit.o)
_impure_ptr                                       c:/toolschain/arm_cc/bin/../lib/gcc/arm-none-eabi/10.3.1/../../../../arm-none-eabi/lib/thumb/v7-m/nofp\libc_nano.a(lib_a-impure.o)
                                                  c:/toolschain/arm_cc/bin/../lib/gcc/arm-none-eabi/10.3.1/../../../../arm-none-eabi/lib/thumb/v7-m/nofp\libc_nano.a(lib_a-errno.o)
_init                                             c:/toolschain/arm_cc/bin/../lib/gcc/arm-none-eabi/10.3.1/thumb/v7-m/nofp/crti.o
                                                  c:/toolschain/arm_cc/bin/../lib/gcc/arm-none-eabi/10.3.1/../../../../arm-none-eabi/lib/thumb/v7-m/nofp\libc_nano.a(lib_a-init.o)
_isatty                                           build/syscalls.o
_kill                                             build/syscalls.o
_lseek                                            build/syscalls.o
_mainCRTStartup                                   c:/toolschain/arm_cc/bin/../lib/gcc/arm-none-eabi/10.3.1/../../../../arm-none-eabi/lib/thumb/v7-m/nofp/crt0.o
_open                                             build/syscalls.o
_read                                             build/syscalls.o
_sbrk                                             build/syscalls.o
_sbss                                             build/startup_stm32f103xb.o
_sdata                                            build/startup_stm32f103xb.o
_sidata                                           build/startup_stm32f103xb.o
_stack_init                                       c:/toolschain/arm_cc/bin/../lib/gcc/arm-none-eabi/10.3.1/../../../../arm-none-eabi/lib/thumb/v7-m/nofp/crt0.o
_start                                            c:/toolschain/arm_cc/bin/../lib/gcc/arm-none-eabi/10.3.1/../../../../arm-none-eabi/lib/thumb/v7-m/nofp/crt0.o
_write                                            build/syscalls.o
atexit                                            c:/toolschain/arm_cc/bin/../lib/gcc/arm-none-eabi/10.3.1/../../../../arm-none-eabi/lib/thumb/v7-m/nofp/crt0.o
dht11_app_config                                  build/dht11_app.o
                                                  build/main.o
dht11_app_run                                     build/dht11_app.o
                                                  build/main.o
dht11_sim_config                                  build/dht11_sim.o
                                                  build/dht11_app.o
dht11_sim_run                                     build/dht11_sim.o
                                                  build/dht11_app.o
dht11_sim_set_data                                build/dht11_sim.o
dht11_tim1_cc_irq                                 build/dht11_sim.o
                                                  build/main.o
dht11_tim2_ic_irq                                 build/dht11_sim.o
                                                  build/main.o
eTaskGetState                                     build/tasks.o
exit                                              c:/toolschain/arm_cc/bin/../lib/gcc/arm-none-eabi/10.3.1/../../../../arm-none-eabi/lib/thumb/v7-m/nofp\libc_nano.a(lib_a-exit.o)
                                                  c:/toolschain/arm_cc/bin/../lib/gcc/arm-none-eabi/10.3.1/../../../../arm-none-eabi/lib/thumb/v7-m/nofp/crt0.o
g_pfnVectors                                      build/startup_stm32f103xb.o
hardware_init_hook                                c:/toolschain/arm_cc/bin/../lib/gcc/arm-none-eabi/10.3.1/../../../../arm-none-eabi/lib/thumb/v7-m/nofp/crt0.o
main                                              build/main.o
                                                  build/startup_stm32f103xb.o
                                                  c:/toolschain/arm_cc/bin/../lib/gcc/arm-none-eabi/10.3.1/../../../../arm-none-eabi/lib/thumb/v7-m/nofp/crt0.o
memcpy                                            c:/toolschain/arm_cc/bin/../lib/gcc/arm-none-eabi/10.3.1/../../../../arm-none-eabi/lib/thumb/v7-m/nofp\libc_nano.a(lib_a-memcpy-stub.o)
                                                  build/queue.o
memset                                            c:/toolschain/arm_cc/bin/../lib/gcc/arm-none-eabi/10.3.1/../../../../arm-none-eabi/lib/thumb/v7-m/nofp\libc_nano.a(lib_a-memset.o)
                                                  build/tasks.o
                                                  c:/toolschain/arm_cc/bin/../lib/gcc/arm-none-eabi/10.3.1/../../../../arm-none-eabi/lib/thumb/v7-m/nofp/crt0.o
pcTaskGetName                                     build/tasks.o
pvPortMalloc                                      build/heap_4.o
                                                  build/event_groups.o
                                                  build/queue.o
                                                  build/tasks.o
pvTaskIncrementMutexHeldCount                     build/tasks.o
                                                  build/queue.o
pxCurrentTCB                                      build/tasks.o
                                                  build/port.o
pxPortInitialiseStack                             build/port.o
                                                  build/tasks.o
software_init_hook                                c:/toolschain/arm_cc/bin/../lib/gcc/arm-none-eabi/10.3.1/../../../../arm-none-eabi/lib/thumb/v7-m/nofp/crt0.o
timer_close                                       build/timer_driver.o
timer_dma_process                                 build/timer_driver.o
timer_irq_process                                 build/timer_driver.o
timer_open                                        build/timer_driver.o
timer_read                                        build/timer_driver.o
timer_write                                       build/timer_driver.o